2026-08-20 08:18:57 Auto monitor started (pid 10880)
2026-08-20 08:18:58 Telegram: start message sent
2026-08-20 08:25:00 checked 1 site(s)
2026-08-20 08:25:00   - telegram_reminder_system UP alert=STATUS telegram=ok
2026-08-20 08:26:01 checked 1 site(s)
2026-08-20 08:26:01   - telegram_reminder_system UP
2026-08-20 08:27:02 checked 1 site(s)
2026-08-20 08:27:02   - telegram_reminder_system UP
2026-08-20 08:28:03 checked 1 site(s)
2026-08-20 08:28:03   - telegram_reminder_system UP
2026-08-20 08:28:04 Auto monitor started (pid 37684)
2026-08-20 08:28:05 Telegram: start message sent
2026-08-20 08:29:09 checked 1 site(s)
2026-08-20 08:29:09   - telegram_reminder_system DOWN alert=DOWN telegram=ok
2026-08-20 08:30:11 checked 1 site(s)
2026-08-20 08:30:11   - telegram_reminder_system UP alert=RECOVERY telegram=ok
2026-08-20 08:31:13 checked 1 site(s)
2026-08-20 08:31:13   - telegram_reminder_system DOWN alert=DOWN
2026-08-20 08:32:14 checked 1 site(s)
2026-08-20 08:32:14   - telegram_reminder_system DOWN
2026-08-20 08:33:16 checked 1 site(s)
2026-08-20 08:33:16   - telegram_reminder_system DOWN
2026-08-20 08:34:17 checked 1 site(s)
2026-08-20 08:34:17   - telegram_reminder_system DOWN
2026-08-20 08:35:06 Auto monitor started (pid 27140)
2026-08-20 08:35:07 Telegram: start message sent
2026-08-20 08:35:28 checked 1 site(s)
2026-08-20 08:35:28   - telegram_reminder_system UP DOWN→UP alert=RECOVERY telegram=ok
2026-08-20 08:36:40 checked 1 site(s)
2026-08-20 08:36:40   - telegram_reminder_system DOWN UP→DOWN alert=DOWN telegram=ok
2026-08-20 08:37:42 checked 1 site(s)
2026-08-20 08:37:42   - telegram_reminder_system UP DOWN→UP alert=RECOVERY telegram=ok
2026-08-20 08:38:28 Auto monitor started (pid 38004)
2026-08-20 08:38:32 Telegram: start message sent
2026-08-20 08:38:51 checked 1 site(s)
2026-08-20 08:38:51   - telegram_reminder_system DOWN UP→DOWN alert=DOWN telegram=ok
2026-08-20 08:39:53 checked 1 site(s)
2026-08-20 08:39:53   - telegram_reminder_system DOWN
2026-08-20 08:40:54 checked 1 site(s)
2026-08-20 08:40:54   - telegram_reminder_system DOWN
2026-08-20 08:41:55 checked 1 site(s)
2026-08-20 08:41:55   - telegram_reminder_system DOWN
2026-08-20 08:42:57 checked 1 site(s)
2026-08-20 08:42:57   - telegram_reminder_system UP DOWN→UP alert=RECOVERY telegram=ok
2026-08-20 08:43:58 checked 1 site(s)
2026-08-20 08:43:58   - telegram_reminder_system UP
2026-08-20 08:44:59 checked 1 site(s)
2026-08-20 08:44:59   - telegram_reminder_system UP
2026-08-20 08:46:01 checked 1 site(s)
2026-08-20 08:46:01   - telegram_reminder_system UP
2026-08-20 08:47:02 checked 1 site(s)
2026-08-20 08:47:02   - telegram_reminder_system UP
2026-08-20 08:48:07 checked 1 site(s)
2026-08-20 08:48:07   - telegram_reminder_system SLOW UP→SLOW alert=SLOW telegram=ok
2026-08-20 08:49:09 checked 1 site(s)
2026-08-20 08:49:09   - telegram_reminder_system UP SLOW→UP alert=RECOVERY telegram=ok
2026-08-20 08:50:12 checked 1 site(s)
2026-08-20 08:50:12   - telegram_reminder_system UP
2026-08-20 08:51:14 checked 1 site(s)
2026-08-20 08:51:14   - telegram_reminder_system UP
2026-08-20 08:52:15 checked 1 site(s)
2026-08-20 08:52:15   - telegram_reminder_system UP
2026-08-20 08:53:16 checked 1 site(s)
2026-08-20 08:53:16   - telegram_reminder_system UP
2026-08-20 08:54:17 checked 1 site(s)
2026-08-20 08:54:17   - telegram_reminder_system UP
2026-08-20 08:55:19 checked 1 site(s)
2026-08-20 08:55:19   - telegram_reminder_system UP
2026-08-20 08:56:20 checked 1 site(s)
2026-08-20 08:56:20   - telegram_reminder_system UP
2026-08-20 08:57:22 checked 1 site(s)
2026-08-20 08:57:22   - telegram_reminder_system UP
2026-08-20 08:58:22 checked 1 site(s)
2026-08-20 08:58:22   - telegram_reminder_system UP
2026-08-20 08:59:23 checked 1 site(s)
2026-08-20 08:59:23   - telegram_reminder_system UP
2026-08-20 09:00:24 checked 1 site(s)
2026-08-20 09:00:24   - telegram_reminder_system UP
2026-08-20 09:01:25 checked 1 site(s)
2026-08-20 09:01:25   - telegram_reminder_system UP
2026-08-20 09:02:26 checked 1 site(s)
2026-08-20 09:02:26   - telegram_reminder_system UP
2026-08-20 09:03:27 checked 1 site(s)
2026-08-20 09:03:27   - telegram_reminder_system UP
